3.4770 	WARNING 	User requested fullscreen with size [1024  768], but screen is actually [2560, 1600]. Using actual size
4.7518 	EXP 	Created window1 = Window(allowGUI=True, allowStencil=False, autoLog=True, backendConf=UNKNOWN, bitsMode=UNKNOWN, blendMode='avg', bpc=(8, 8, 8), color=array([0, 0, 0]), colorSpace='rgb', depthBits=8, fullscr=<method-wrapper '__getattribute__' of attributeSetter object at 0x000001DC4CADBC10>, gamma=None, gammaErrorPolicy='raise', lms=UNKNOWN, monitor=<psychopy.monitors.calibTools.Monitor object at 0x000001DC4306BC10>, multiSample=False, name='window1', numSamples=2, pos=(0, 0), screen=0, size=array([2560, 1600]), stencilBits=0, stereo=False, units='height', useFBO=True, useRetina=False, viewOri=0.0, viewPos=None, viewScale=None, waitBlanking=True, winType='pyglet')
4.7519 	EXP 	window1: mouseVisible = True
4.7519 	EXP 	window1: mouseVisible = False
4.7519 	EXP 	window1: Attempting to measure frame rate of screen (0) ...
4.7520 	EXP 	window1: recordFrameIntervals = False
4.8123 	EXP 	window1: recordFrameIntervals = True
4.8789 	EXP 	Screen (0) actual frame rate measured at 165.02Hz
4.8789 	EXP 	window1: recordFrameIntervals = False
6.1736 	EXP 	Created text = TextStim(__class__=<class 'psychopy.visual.text.TextStim'>, alignHoriz=method-wrapper(...), alignText='center', alignVert=method-wrapper(...), anchorHoriz='center', anchorVert='center', antialias=True, autoDraw=False, autoLog=True, bold=False, color=array([1, 1, 1]), colorSpace='rgb', contrast=1.0, depth=0.0, flipHoriz=False, flipVert=False, font='Open Sans', fontFiles=[], height=0.05, italic=False, languageStyle='LTR', name='text', opacity=1.0, ori=0.0, pos=array([0., 0.]), rgb=UNKNOWN, text=str(...), units='height', win=Window(...), wrapWidth=1)
6.1739 	EXP 	Created text_3 = TextStim(__class__=<class 'psychopy.visual.text.TextStim'>, alignHoriz=method-wrapper(...), alignText='center', alignVert=method-wrapper(...), anchorHoriz='center', anchorVert='center', antialias=True, autoDraw=False, autoLog=True, bold=False, color=array([1, 1, 1]), colorSpace='rgb', contrast=1.0, depth=0.0, flipHoriz=False, flipVert=False, font='Open Sans', fontFiles=[], height=0.05, italic=False, languageStyle='LTR', name='text_3', opacity=1.0, ori=0.0, pos=array([0., 0.]), rgb=UNKNOWN, text='', units='height', win=Window(...), wrapWidth=1)
6.1773 	EXP 	Created label_left = TextStim(__class__=<class 'psychopy.visual.text.TextStim'>, alignHoriz=method-wrapper(...), alignText='center', alignVert=method-wrapper(...), anchorHoriz='center', anchorVert='center', antialias=True, autoDraw=False, autoLog=True, bold=False, color=array([1, 1, 1]), colorSpace='rgb', contrast=1.0, depth=0.0, flipHoriz=False, flipVert=False, font='Open Sans', fontFiles=[], height=0.05, italic=False, languageStyle='LTR', name='label_left', opacity=1.0, ori=0.0, pos=array([-0.4,  0.4]), rgb=UNKNOWN, text='积极词 - 按E键', units='height', win=Window(...), wrapWidth=1)
6.1798 	EXP 	Created label_right = TextStim(__class__=<class 'psychopy.visual.text.TextStim'>, alignHoriz=method-wrapper(...), alignText='center', alignVert=method-wrapper(...), anchorHoriz='center', anchorVert='center', antialias=True, autoDraw=False, autoLog=True, bold=False, color=array([1, 1, 1]), colorSpace='rgb', contrast=1.0, depth=-1.0, flipHoriz=False, flipVert=False, font='Open Sans', fontFiles=[], height=0.05, italic=False, languageStyle='LTR', name='label_right', opacity=1.0, ori=0.0, pos=array([0.4, 0.4]), rgb=UNKNOWN, text='消极词 - 按I键', units='height', win=Window(...), wrapWidth=1)
6.1811 	EXP 	Created polygon_2 = ShapeStim(__class__=<class 'psychopy.visual.shape.ShapeStim'>, anchor=('center', 'center'), autoDraw=False, autoLog=True, closeShape=True, color=method-wrapper(...), colorSpace='rgb', contrast=None, depth=-2.0, fillColor=array([ 1., -1., -1.]), fillColorSpace='rgb', fillRGB=array([ 1., -1., -1.]), interpolate=True, lineColor=array([ 1., -1., -1.]), lineColorSpace='rgb', lineRGB=array([ 1., -1., -1.]), lineWidth=1.0, name='polygon_2', opacity=1.0, ori=0.0, pos=array([0., 0.]), size=array([0.05, 0.05]), units='height', vertices=ndarray(...), win=Window(...), windingRule=None)
6.1814 	EXP 	Created text_5 = TextStim(__class__=<class 'psychopy.visual.text.TextStim'>, alignHoriz=method-wrapper(...), alignText='center', alignVert=method-wrapper(...), anchorHoriz='center', anchorVert='center', antialias=True, autoDraw=False, autoLog=True, bold=False, color=array([1, 1, 1]), colorSpace='rgb', contrast=1.0, depth=-3.0, flipHoriz=False, flipVert=False, font='Open Sans', fontFiles=[], height=0.05, italic=False, languageStyle='LTR', name='text_5', opacity=1.0, ori=0.0, pos=array([0., 0.]), rgb=UNKNOWN, text='', units='height', win=Window(...), wrapWidth=1)
6.1860 	EXP 	Created text_2 = TextStim(__class__=<class 'psychopy.visual.text.TextStim'>, alignHoriz=method-wrapper(...), alignText='center', alignVert=method-wrapper(...), anchorHoriz='center', anchorVert='center', antialias=True, autoDraw=False, autoLog=True, bold=False, color=array([1, 1, 1]), colorSpace='rgb', contrast=1.0, depth=0.0, flipHoriz=False, flipVert=False, font='Open Sans', fontFiles=[], height=0.05, italic=False, languageStyle='LTR', name='text_2', opacity=1.0, ori=0.0, pos=array([0., 0.]), rgb=UNKNOWN, text='本部分测试结束\n按空格键继续', units='height', win=Window(...), wrapWidth=1)
6.1935 	EXP 	Created text_4 = TextStim(__class__=<class 'psychopy.visual.text.TextStim'>, alignHoriz=method-wrapper(...), alignText='center', alignVert=method-wrapper(...), anchorHoriz='center', anchorVert='center', antialias=True, autoDraw=False, autoLog=True, bold=False, color=array([1, 1, 1]), colorSpace='rgb', contrast=1.0, depth=0.0, flipHoriz=False, flipVert=False, font='Open Sans', fontFiles=[], height=0.05, italic=False, languageStyle='LTR', name='text_4', opacity=1.0, ori=0.0, pos=array([0., 0.]), rgb=UNKNOWN, text='所有测试结束！谢谢你的参与！\n请按ESC退出程序', units='height', win=Window(...), wrapWidth=1)
6.2041 	EXP 	text: autoDraw = True
6.7184 	EXP 	Imported IAT_block_loop.xlsx as conditions, 7 conditions, 5 params
6.7187 	EXP 	Created sequence: sequential, trialTypes=7, nReps=1, seed=None
6.7189 	EXP 	New trial (rep=0, index=0): {'block_loop': 'block1.xlsx', 'reps': 3, 'leftLabel': '积极词-按E键', 'rightLabel': '消极词-按I键', 'InstrText': '接下来将进行第一部分的测试\n请你将左手和右手的食指分别放在E和I按键上。\n一会屏幕中会先短暂出现一个十字，请注视。\n十字消失后会出现一个词语（积极词或消极词），\n请在保证正确率的前提下快速对其进行分类。\n具体规则为：积极词-按E键；消极词-按I键\n如果你已经明白规则，请按空格键开始测试\n如果你有任何疑问，请咨询实验员'}
6.7488 	DATA 	Keypress: space
6.7511 	EXP 	text: autoDraw = False
6.7511 	EXP 	text_3: height = 0.05
6.7511 	EXP 	text_3: height = 0.05
6.7511 	EXP 	text_3: height = 0.05
6.7511 	EXP 	text_3: text = '接下来将进行第一部分的测试\n请你将左手和右手的食指分别放在E和I按键上。\n一会屏幕中会先短暂出现一个十字，请注视。\n十字消失后会出现一个词语（积极词或消极词），\n请在保证正确率的前提下快速对其进行分类。\n具体规则为：积极词-按E键；消极词-按I键\n如果你已经明白规则，请按空格键开始测试\n如果你有任何疑问，请咨询实验员'
6.7511 	EXP 	text_3: autoDraw = True
7.4561 	EXP 	Imported block1.xlsx as conditions, 8 conditions, 3 params
7.4563 	EXP 	Created sequence: random, trialTypes=8, nReps=3, seed=None
7.4565 	EXP 	New trial (rep=0, index=0): {'stims': '愉悦', 'correct_key': 'e', 'stim_color': 'white'}
7.4625 	DATA 	Keypress: space
7.4648 	EXP 	text_3: autoDraw = False
7.4648 	EXP 	text_5: height = 0.05
7.4648 	EXP 	text_5: height = 0.05
7.4648 	EXP 	text_5: height = 0.05
7.4648 	EXP 	text_5: text = '愉悦'
7.4648 	EXP 	label_left: autoDraw = True
7.4648 	EXP 	label_right: autoDraw = True
7.4648 	EXP 	polygon_2: autoDraw = True
7.9687 	EXP 	polygon_2: autoDraw = False
8.4533 	EXP 	text_5: autoDraw = True
9.2144 	DATA 	Keypress: escape
10.4788 	EXP 	window1: mouseVisible = True
